// Jest Snapshot v1, https://goo.gl/fbAQLP

exports[`<NotificationContainer /> should render correctly with default props 1`] = `<Fragment />`;
